// Jest Snapshot v1, https://goo.gl/fbAQLP

exports[`Aside should renders Aside unchanged 1`] = `
<div>
  <aside
    class="aside"
    id="aside"
  >
    <nav>
      <div
        data-testid="aside-list-mock"
      >
        Mocked AsideList with 1 items
      </div>
    </nav>
  </aside>
</div>
`;
