// Jest Snapshot v1, https://goo.gl/fbAQLP

exports[`Home should renders Home unchanged 1`] = `
<div>
  <div
    class="section"
  >
    <h1>
      Test Title
    </h1>
    <section
      class="section"
    >
      <p>
        Section 1
      </p>
      <p>
        Section 2
      </p>
      <p>
        Section 3
      </p>
      <p>
        Section 4
         
        <a
          href="https://github.com/smcnikita/simple-goals"
          target="_blank"
        >
          Github
        </a>
        . 
        Section 5
      </p>
    </section>
  </div>
</div>
`;
